// Vitest Snapshot v1, https://vitest.dev/guide/snapshot.html

exports[`Loopbrain Q1–Q9 Snapshot Tests > Q1: Who owns this? > should return stable response for healthy project 1`] = `
{
  "error": {
    "code": "AUTHENTICATION_REQUIRED",
    "message": "You must be signed in to access this resource.",
  },
}
`;

exports[`Loopbrain Q1–Q9 Snapshot Tests > Q2: Who decides this? > should return stable response for healthy project 1`] = `
{
  "error": {
    "code": "AUTHENTICATION_REQUIRED",
    "message": "You must be signed in to access this resource.",
  },
}
`;

exports[`Loopbrain Q1–Q9 Snapshot Tests > Q3: Who should be working on this? > should return stable response for constrained project 1`] = `
{
  "error": {
    "code": "AUTHENTICATION_REQUIRED",
    "message": "You must be signed in to access this resource.",
  },
}
`;

exports[`Loopbrain Q1–Q9 Snapshot Tests > Q4: Do we have capacity in timeframe? > should return stable response for constrained project 1`] = `
{
  "error": {
    "code": "AUTHENTICATION_REQUIRED",
    "message": "You must be signed in to access this resource.",
  },
}
`;

exports[`Loopbrain Q1–Q9 Snapshot Tests > Q5: Who is unavailable and when do they return? > should return stable response for unavailable person 1`] = `
{
  "error": {
    "code": "AUTHENTICATION_REQUIRED",
    "message": "You must be signed in to access this resource.",
  },
}
`;

exports[`Loopbrain Q1–Q9 Snapshot Tests > Q6: Who can cover? > should return stable response for healthy project 1`] = `
{
  "error": {
    "code": "AUTHENTICATION_REQUIRED",
    "message": "You must be signed in to access this resource.",
  },
}
`;

exports[`Loopbrain Q1–Q9 Snapshot Tests > Q7: Is this aligned with role responsibilities? > should return stable response for role-misaligned project 1`] = `
{
  "error": {
    "code": "AUTHENTICATION_REQUIRED",
    "message": "You must be signed in to access this resource.",
  },
}
`;

exports[`Loopbrain Q1–Q9 Snapshot Tests > Q8: Is responsibility clear or fragmented? > should return stable response for fragmented project 1`] = `
{
  "error": {
    "code": "AUTHENTICATION_REQUIRED",
    "message": "You must be signed in to access this resource.",
  },
}
`;

exports[`Loopbrain Q1–Q9 Snapshot Tests > Q9: Should we proceed, reassign, delay, or request support? > should return stable response for constrained project 1`] = `
{
  "error": {
    "code": "AUTHENTICATION_REQUIRED",
    "message": "You must be signed in to access this resource.",
  },
}
`;
